  Γû▓ Next.js 14.2.35
  - Environments: .env.local

   Creating an optimized production build ...
 Γ£ô Compiled successfully
   Linting and checking validity of types ...
node.exe : 
At line:1 char:1
+ & "C:\Program 
Files\nodejs/node.exe" 
"C:\Program 
Files\nodejs/node_mo ...
+ ~~~~~~~~~~~~~~~~~~~~~~~~~~~
~~~~~~~~~~~~~~~~~~~~~~~~~~~~~
~~~~~~~~~~~~~
    + CategoryInfo           
   : NotSpecified: (:String  
  ) [], RemoteException
    + FullyQualifiedErrorId  
   : NativeCommandError
 
Failed to compile.

./src/app/api/send-email/rout
e.js
127:50  Error: 'fromName' is 
defined but never used.  @typ
escript-eslint/no-unused-vars

info  - Need to disable some 
ESLint rules? Learn more 
here: https://nextjs.org/docs
/basic-features/eslint#disabl
ing-rules
